12:45:45 **** Build of configuration Debug for project User_Firmware_test ****
make -j16 all 
arm-none-eabi-gcc -o "User_Firmware_test.elf" @"objects.list"   -mcpu=cortex-m4 -T"D:\EmbeddedSystems\Workspace_Firmware_Update\User_Firmware_test\STM32L496ZGTXP_FLASH.ld" --specs=nosys.specs -Wl,-Map="User_Firmware_test.map" -Wl,--gc-sections -static --specs=nano.specs -mfpu=fpv4-sp-d16 -mfloat-abi=hard -mthumb -Wl,--start-group -lc -lm -Wl,--end-group
Finished building target: User_Firmware_test.elf
 
arm-none-eabi-size  User_Firmware_test.elf 
arm-none-eabi-objdump -h -S User_Firmware_test.elf  > "User_Firmware_test.list"
arm-none-eabi-objcopy  -O binary User_Firmware_test.elf  "User_Firmware_test.bin"
   text	   data	    bss	    dec	    hex	filename
   6492	     12	   1572	   8076	   1f8c	User_Firmware_test.elf
Finished building: default.size.stdout
 
Finished building: User_Firmware_test.bin
Finished building: User_Firmware_test.list
 
 
12:46:43 **** Incremental Build of configuration Debug for project STM32_BL_UART_FwUpdate ****
make -j16 all 
arm-none-eabi-size  STM32_BL_UART_FwUpdate.elf 
   text	   data	    bss	    dec	    hex	filename
  23488	    136	   2416	  26040	   65b8	STM32_BL_UART_FwUpdate.elf
Finished building: default.size.stdout
 
12:48:52 **** Incremental Build of configuration Debug for project STM32_BL_UART_FwUpdate ****
make -j16 all 
arm-none-eabi-gcc "../Core/Src/main.c" -mcpu=cortex-m4 -std=gnu11 -g3 -DDEBUG -DUSE_HAL_DRIVER -DSTM32L496xx -c -I../Core/Inc -I../Drivers/STM32L4xx_HAL_Driver/Inc -I../Drivers/STM32L4xx_HAL_Driver/Inc/Legacy -I../Drivers/CMSIS/Device/ST/STM32L4xx/Include -I../Drivers/CMSIS/Include -O0 -ffunction-sections -fdata-sections -Wall -fstack-usage -fcyclomatic-complexity -MMD -MP -MF"Core/Src/main.d" -MT"Core/Src/main.o" --specs=nano.specs -mfpu=fpv4-sp-d16 -mfloat-abi=hard -mthumb -o "Core/Src/main.o"
arm-none-eabi-gcc -o "STM32_BL_UART_FwUpdate.elf" @"objects.list"   -mcpu=cortex-m4 -T"D:\EmbeddedSystems\Workspace_Firmware_Update\STM32_BL_UART_FwUpdate\STM32L496ZGTXP_FLASH.ld" --specs=nosys.specs -Wl,-Map="STM32_BL_UART_FwUpdate.map" -Wl,--gc-sections -static --specs=nano.specs -mfpu=fpv4-sp-d16 -mfloat-abi=hard -mthumb -Wl,--start-group -lc -lm -Wl,--end-group
Finished building target: STM32_BL_UART_FwUpdate.elf
 
arm-none-eabi-size  STM32_BL_UART_FwUpdate.elf 
arm-none-eabi-objdump -h -S STM32_BL_UART_FwUpdate.elf  > "STM32_BL_UART_FwUpdate.list"
   text	   data	    bss	    dec	    hex	filename
  23492	    136	   2416	  26044	   65bc	STM32_BL_UART_FwUpdate.elf
Finished building: default.size.stdout
 
Finished building: STM32_BL_UART_FwUpdate.list
 
12:50:27 **** Incremental Build of configuration Debug for project STM32_BL_UART_FwUpdate ****
make -j16 all 
arm-none-eabi-gcc "../Core/Src/main.c" -mcpu=cortex-m4 -std=gnu11 -g3 -DDEBUG -DUSE_HAL_DRIVER -DSTM32L496xx -c -I../Core/Inc -I../Drivers/STM32L4xx_HAL_Driver/Inc -I../Drivers/STM32L4xx_HAL_Driver/Inc/Legacy -I../Drivers/CMSIS/Device/ST/STM32L4xx/Include -I../Drivers/CMSIS/Include -O0 -ffunction-sections -fdata-sections -Wall -fstack-usage -fcyclomatic-complexity -MMD -MP -MF"Core/Src/main.d" -MT"Core/Src/main.o" --specs=nano.specs -mfpu=fpv4-sp-d16 -mfloat-abi=hard -mthumb -o "Core/Src/main.o"
arm-none-eabi-gcc -o "STM32_BL_UART_FwUpdate.elf" @"objects.list"   -mcpu=cortex-m4 -T"D:\EmbeddedSystems\Workspace_Firmware_Update\STM32_BL_UART_FwUpdate\STM32L496ZGTXP_FLASH.ld" --specs=nosys.specs -Wl,-Map="STM32_BL_UART_FwUpdate.map" -Wl,--gc-sections -static --specs=nano.specs -mfpu=fpv4-sp-d16 -mfloat-abi=hard -mthumb -Wl,--start-group -lc -lm -Wl,--end-group
Finished building target: STM32_BL_UART_FwUpdate.elf
 
arm-none-eabi-size  STM32_BL_UART_FwUpdate.elf 
arm-none-eabi-objdump -h -S STM32_BL_UART_FwUpdate.elf  > "STM32_BL_UART_FwUpdate.list"
   text	   data	    bss	    dec	    hex	filename
  23492	    136	   2416	  26044	   65bc	STM32_BL_UART_FwUpdate.elf
Finished building: default.size.stdout
 
Finished building: STM32_BL_UART_FwUpdate.list
 
